======================================================================
QAOA PORTFOLIO OPTIMIZATION REPORT
======================================================================
Generated: 2025-09-08 17:45:35

PROBLEM CONFIGURATION
----------------------------------------
Number of Assets: 15
Budget (Assets to Select): 7
Total Possible Portfolios: 6435

CLASSICAL ALGORITHM RESULTS
----------------------------------------
Objective Value: 0.208869
Expected Return: 0.2117
Risk (Volatility): 0.0756
Sharpe Ratio: 2.801
Execution Time: 0.087 seconds
Selected Assets: [1, 2, 7, 8, 9, 11, 12]

QAOA RESULTS
----------------------------------------
Objective Value: 0.133600
Expected Return: 0.1365
Risk (Volatility): 0.0756
Sharpe Ratio: 1.805
Execution Time: 0.326 seconds
Constraint Satisfied: Yes
Selected Assets: [0, 1, 2, 3, 4, 5, 6]
Approximation Ratio: 0.640

QUANTUM CIRCUIT METRICS
----------------------------------------
Circuit Depth: 93
Gate Count: 146
Number of Qubits: 15
Total Measurements: 4096

MEASUREMENT STATISTICS
----------------------------------------
Feasible Solutions: 1389 (33.9%)
Infeasible Solutions: 2707 (66.1%)

Hamming Weight Distribution:
  7 assets: 1389 (33.9%) <-- TARGET
  8 assets: 1644 (40.1%)
  9 assets: 800 (19.5%)
  10 assets: 224 (5.5%)
  11 assets: 37 (0.9%)
  12 assets: 2 (0.0%)

PERFORMANCE COMPARISON
----------------------------------------
Objective Ratio (QAOA/Classical): 0.640
Time Ratio (QAOA/Classical): 3.7x
Solution Overlap: 2.0 common assets

======================================================================
END OF REPORT
======================================================================